// Jest Snapshot v1, https://goo.gl/fbAQLP

exports[`TourAuthScreen TabNews - List with items 1`] = `ShallowWrapper {}`;
