// Jest Snapshot v1, https://goo.gl/fbAQLP

exports[`TourAuthSelectionScreen Default 1`] = `ShallowWrapper {}`;
